// Jest Snapshot v1, https://goo.gl/fbAQLP

exports[`Pruebas sobre el archivo GifGridItem Debe de mostrar el componente correctamente 1`] = `
<div
  className="card animate__animated animate__bounce "
>
  <img
    alt="Un titulo"
    src="https://mipagina.com"
  />
  <p>
    Un titulo
  </p>
</div>
`;
